114:# Set personal aliases, overriding those provided by oh-my-zsh libs,
116:# users are encouraged to define aliases within the ZSH_CUSTOM folder.
117:# For a full list of active aliases, run `alias`.
119:# Example aliases
120:# alias zshconfig="mate ~/.zshrc"
121:# alias ohmyzsh="mate ~/.oh-my-zsh"
123:alias cl='clear'
124:alias cd='z'
125:alias cdi='zi'
126:alias vi='nvim'
127:alias ra='~/Documents/my-bins/yazi'
128:alias ram='~/Documents/my-bins/yazi ~/my'
129:alias ranger='python3 ~/Documents/ranger/ranger.py'
130:alias lg='lazygit'
131:alias ev='evince'
132:alias po='poweroff'
133:alias ls='lsd'
134:alias l='lsd'
135:alias la='lsd -a'
136:alias .4='../../../../'
137:alias .5='../../../../../'
138:alias diff='colordiff'
140:# rust alias
141:alias cg='cargo'
143:alias ping='ping -c 5'
145:alias fastping='ping -c 100 -s.2'
147:alias rm='rm -I --preserve-root'
149:alias mv='mv -i'
150:alias cp='cp -i'
151:alias ln='ln -i'
